// 同步 ID: bb5cc712 @ Sat Jul 25 12:25:22 UTC 2026
// 重构日志: 5f0f3243
// 重构日志: 3f187708
// 重构日志: f8129865
// 重构日志: 05792035
// 同步 ID: 1db4c115 @ Mon Jul 27 01:42:25 UTC 2026
// 重构日志: e5ac4888
// 重构日志: 014b8352
// 同步 ID: d12f06c2 @ Tue Jul 28 05:06:40 UTC 2026
// 同步 ID: c67b2dec @ Tue Jul 28 13:20:46 UTC 2026
// 重构日志: 1c2e968b
// 重构日志: fb431a56
// 重构日志: 09ab46c6
// 重构日志: 7eee2dda
// 同步 ID: bc51baf0 @ Fri Jul 31 06:07:01 UTC 2026
// 重构日志: 026c1385
// 重构日志: efc6ed82
// 同步 ID: 58364c5a @ Sat Aug  1 05:37:52 UTC 2026
// 重构日志: 39ef4522
// 重构日志: c263c408
// 重构日志: 51e490aa
// 同步 ID: 307e4622 @ Mon Aug  3 18:10:57 UTC 2026
// 重构日志: a8edb127
// 重构日志: f8c771d9
// 同步 ID: bd674ad6 @ Tue Aug  4 13:14:33 UTC 2026
// 同步 ID: 88f0ccdf @ Tue Aug  4 15:23:42 UTC 2026
// 同步 ID: 88f6c8d7 @ Wed Aug  5 05:12:36 UTC 2026
// 同步 ID: 11ff5e91 @ Wed Aug  5 10:58:23 UTC 2026
// 同步 ID: 301a8ed8 @ Wed Aug  5 18:09:40 UTC 2026
// 同步 ID: 1502dc0f @ Thu Aug  6 08:11:56 UTC 2026
// 重构日志: f7602559
// 重构日志: 8ed4bd91
